<?xml version="1.0" encoding="UTF-8"?>
<testsuites name="Mocha Tests" time="17.972" tests="1" failures="0">
  <testsuite name="Root Suite" timestamp="2019-10-11T10:13:40" tests="0" failures="0" time="0">
  </testsuite>
  <testsuite name="FR Cases Creation " timestamp="2019-10-11T10:13:40" tests="1" file="/Users/sreekanth/work/moj/repos/finrem-ccd-e2e-tests/test/end2end/dataSetup/tests/contestedAPITests.js" failures="0" time="17.972">
    <testcase name="FR Cases Creation  Application Drafted" time="17.972" classname="Application Drafted">
    </testcase>
  </testsuite>
</testsuites>